
> arka-grid@0.1.0 build
> next build

   Γû▓ Next.js 15.5.12
   - Environments: .env.local

   Creating an optimized production build ...
 Γ£ô Compiled successfully in 6.3s
   Linting and checking validity of types ...
npm :  Γ¿» ESLint: Invalid Options: - Unknown options: useEslintrc, extensions 
- 'extensions' has been removed.
At line:1 char:1
+ npm run build 2>&1 > build-output.txt; cat build-output.txt
+ ~~~~~~~~~~~~~~~~~~~~~~~~~~~~~~~~~~~~~
    + CategoryInfo          : NotSpecified: ( Γ¿» ESLint: In...s been removed. 
   :String) [], RemoteException
    + FullyQualifiedErrorId : NativeCommandError
 
   Collecting page data ...
   Generating static pages (0/15) ...
   Generating static pages (3/15) 
   Generating static pages (7/15) 
   Generating static pages (11/15) 
 Γ£ô Generating static pages (15/15)
   Finalizing page optimization ...
   Collecting build traces ...

Route (app)                                 Size  First Load JS
Γöî Γùï /                                      163 B         106 kB
Γö£ Γùï /_not-found                            999 B         103 kB
Γö£ ╞Æ /auth/callback                         123 B         102 kB
Γö£ Γùï /auth/forgot-password                1.58 kB         172 kB
Γö£ Γùï /auth/login                          2.27 kB         172 kB
Γö£ Γùï /auth/reset-password                 1.67 kB         168 kB
Γö£ Γùï /auth/signup                         2.42 kB         173 kB
Γö£ Γùï /control-room                        4.66 kB         125 kB
Γö£ Γùï /dashboard                            165 kB         342 kB
Γö£ Γùï /host                                1.42 kB         111 kB
Γö£ Γùï /map                                  473 kB         594 kB
Γö£ Γùï /profile                             2.49 kB         173 kB
Γöö Γùï /wallet                              4.59 kB         117 kB
+ First Load JS shared by all             102 kB
  Γö£ chunks/493-12473ff83b5f0e8e.js       45.7 kB
  Γö£ chunks/4bd1b696-409494caf8c83275.js  54.2 kB
  Γöö other shared chunks (total)          2.02 kB


╞Æ Middleware                             85.2 kB

Γùï  (Static)   prerendered as static content
╞Æ  (Dynamic)  server-rendered on demand

